127.0.0.1 - - [21/Dec/2016:00:04:00 +0200] "GET / HTTP/1.1" 404 994
0:0:0:0:0:0:0:1 - - [21/Dec/2016:00:06:49 +0200] "GET /rest/webapi/messages HTTP/1.1" 404 1034
0:0:0:0:0:0:0:1 - - [21/Dec/2016:00:07:33 +0200] "GET /rest/webapi/myresource HTTP/1.1" 404 1038
0:0:0:0:0:0:0:1 - - [21/Dec/2016:00:07:36 +0200] "GET /rest/webapi/myresources HTTP/1.1" 404 1040
0:0:0:0:0:0:0:1 - - [21/Dec/2016:00:08:30 +0200] "GET /messages/webapi/myresources HTTP/1.1" 404 1048
0:0:0:0:0:0:0:1 - - [21/Dec/2016:00:08:33 +0200] "GET /messages/webapi/myresources HTTP/1.1" 404 1048
0:0:0:0:0:0:0:1 - - [21/Dec/2016:00:08:57 +0200] "GET /messenger/webapi/myresources HTTP/1.1" 404 1010
0:0:0:0:0:0:0:1 - - [21/Dec/2016:00:08:59 +0200] "GET /messenger/webapi/myresources HTTP/1.1" 404 1010
0:0:0:0:0:0:0:1 - - [21/Dec/2016:00:09:00 +0200] "GET /messenger/webapi/myresources HTTP/1.1" 404 1010
0:0:0:0:0:0:0:1 - - [21/Dec/2016:00:09:06 +0200] "GET /messenger/webapi/myresource HTTP/1.1" 200 7
0:0:0:0:0:0:0:1 - - [21/Dec/2016:00:09:25 +0200] "GET /messenger/webapi/messanges HTTP/1.1" 404 1010
0:0:0:0:0:0:0:1 - - [21/Dec/2016:00:09:34 +0200] "GET /messenger/webapi/messenges HTTP/1.1" 404 1010
0:0:0:0:0:0:0:1 - - [21/Dec/2016:00:09:44 +0200] "GET /messenger/webapi/messanges HTTP/1.1" 404 1010
0:0:0:0:0:0:0:1 - - [21/Dec/2016:00:09:45 +0200] "GET /messenger/webapi/messanges HTTP/1.1" 404 1010
0:0:0:0:0:0:0:1 - - [21/Dec/2016:00:10:17 +0200] "GET /messenger/webapi/messages HTTP/1.1" 204 -
0:0:0:0:0:0:0:1 - - [21/Dec/2016:00:12:18 +0200] "GET /messenger/webapi/messages HTTP/1.1" 204 -
0:0:0:0:0:0:0:1 - - [21/Dec/2016:00:13:17 +0200] "GET /messenger/webapi/messages HTTP/1.1" 204 -
0:0:0:0:0:0:0:1 - - [21/Dec/2016:00:15:03 +0200] "GET /messenger/webapi/messages HTTP/1.1" 500 7714
0:0:0:0:0:0:0:1 - - [21/Dec/2016:00:19:19 +0200] "GET /messenger/webapi/messages HTTP/1.1" 204 -
127.0.0.1 - - [21/Dec/2016:01:01:03 +0200] "GET / HTTP/1.1" 404 994
0:0:0:0:0:0:0:1 - - [21/Dec/2016:01:01:09 +0200] "GET /messenger/webapi/messages HTTP/1.1" 204 -
127.0.0.1 - - [21/Dec/2016:01:02:26 +0200] "GET / HTTP/1.1" 404 994
0:0:0:0:0:0:0:1 - - [21/Dec/2016:01:02:27 +0200] "GET /messenger/webapi/messages HTTP/1.1" 204 -
0:0:0:0:0:0:0:1 - - [21/Dec/2016:01:13:03 +0200] "GET /messenger/webapi/myresource HTTP/1.1" 500 8447
0:0:0:0:0:0:0:1 - - [21/Dec/2016:01:13:36 +0200] "GET /messenger/webapi/myresource HTTP/1.1" 500 5798
0:0:0:0:0:0:0:1 - - [21/Dec/2016:01:13:37 +0200] "GET /messenger/webapi/myresource HTTP/1.1" 500 5798
0:0:0:0:0:0:0:1 - - [21/Dec/2016:01:13:48 +0200] "GET /messenger/webapi/myresource HTTP/1.1" 200 7
127.0.0.1 - - [21/Dec/2016:01:15:21 +0200] "GET / HTTP/1.1" 404 994
0:0:0:0:0:0:0:1 - - [21/Dec/2016:01:15:21 +0200] "GET /messenger/webapi/myresource HTTP/1.1" 500 8447
127.0.0.1 - - [21/Dec/2016:01:25:50 +0200] "GET / HTTP/1.1" 404 994
0:0:0:0:0:0:0:1 - - [21/Dec/2016:01:25:50 +0200] "GET /messenger/webapi/myresource HTTP/1.1" 500 8447
0:0:0:0:0:0:0:1 - - [21/Dec/2016:01:26:00 +0200] "GET /messenger/webapi/messages HTTP/1.1" 204 -
0:0:0:0:0:0:0:1 - - [21/Dec/2016:01:26:05 +0200] "GET /messenger/webapi/messages HTTP/1.1" 204 -
0:0:0:0:0:0:0:1 - - [21/Dec/2016:01:26:06 +0200] "GET /messenger/webapi/messages HTTP/1.1" 204 -
0:0:0:0:0:0:0:1 - - [21/Dec/2016:01:26:08 +0200] "GET /messenger/webapi/messages HTTP/1.1" 204 -
0:0:0:0:0:0:0:1 - - [21/Dec/2016:01:26:26 +0200] "GET /messenger/webapi/messages HTTP/1.1" 204 -
0:0:0:0:0:0:0:1 - - [21/Dec/2016:01:27:12 +0200] "GET /messenger/webapi/messages HTTP/1.1" 204 -
0:0:0:0:0:0:0:1 - - [21/Dec/2016:01:37:01 +0200] "GET /messenger/webapi/messages HTTP/1.1" 204 -
0:0:0:0:0:0:0:1 - - [21/Dec/2016:01:37:02 +0200] "GET /messenger/webapi/messages HTTP/1.1" 204 -
0:0:0:0:0:0:0:1 - - [21/Dec/2016:01:37:03 +0200] "GET /messenger/webapi/messages HTTP/1.1" 204 -
0:0:0:0:0:0:0:1 - - [21/Dec/2016:01:37:04 +0200] "GET /messenger/webapi/messages HTTP/1.1" 204 -
127.0.0.1 - - [21/Dec/2016:01:38:41 +0200] "GET / HTTP/1.1" 404 994
0:0:0:0:0:0:0:1 - - [21/Dec/2016:01:38:47 +0200] "GET /messenger/webapi/messages HTTP/1.1" 204 -
0:0:0:0:0:0:0:1 - - [21/Dec/2016:01:39:11 +0200] "GET /messenger/webapi/messages HTTP/1.1" 204 -
0:0:0:0:0:0:0:1 - - [21/Dec/2016:01:41:51 +0200] "GET /messenger/webapi/myresources HTTP/1.1" 404 1010
0:0:0:0:0:0:0:1 - - [21/Dec/2016:01:41:54 +0200] "GET /messenger/webapi/myresource HTTP/1.1" 500 7767
0:0:0:0:0:0:0:1 - - [21/Dec/2016:01:42:00 +0200] "GET /messenger/webapi/myresources HTTP/1.1" 404 1010
0:0:0:0:0:0:0:1 - - [21/Dec/2016:01:42:35 +0200] "GET /messenger/webapi/myresources HTTP/1.1" 404 1010
0:0:0:0:0:0:0:1 - - [21/Dec/2016:01:42:36 +0200] "GET /messenger/webapi/myresources HTTP/1.1" 404 1010
0:0:0:0:0:0:0:1 - - [21/Dec/2016:01:42:37 +0200] "GET /messenger/webapi/myresources HTTP/1.1" 404 1010
0:0:0:0:0:0:0:1 - - [21/Dec/2016:01:42:46 +0200] "GET /messenger/webapi/myresource HTTP/1.1" 200 7
0:0:0:0:0:0:0:1 - - [21/Dec/2016:01:47:18 +0200] "GET /messenger/webapi/myresource HTTP/1.1" 200 7
0:0:0:0:0:0:0:1 - - [21/Dec/2016:01:47:24 +0200] "GET /messenger/webapi/myresource HTTP/1.1" 200 7
0:0:0:0:0:0:0:1 - - [21/Dec/2016:01:49:51 +0200] "GET /messenger/webapi/myresource HTTP/1.1" 200 7
0:0:0:0:0:0:0:1 - - [21/Dec/2016:01:54:01 +0200] "GET /messenger/webapi/myresource HTTP/1.1" 200 7
0:0:0:0:0:0:0:1 - - [21/Dec/2016:01:54:03 +0200] "GET /messenger/webapi/myresource HTTP/1.1" 200 7
0:0:0:0:0:0:0:1 - - [21/Dec/2016:01:54:04 +0200] "GET /messenger/webapi/myresource HTTP/1.1" 200 7
0:0:0:0:0:0:0:1 - - [21/Dec/2016:01:58:06 +0200] "GET /messenger/webapi/messages HTTP/1.1" 204 -
0:0:0:0:0:0:0:1 - - [21/Dec/2016:01:58:11 +0200] "GET /messenger/webapi/messages HTTP/1.1" 204 -
0:0:0:0:0:0:0:1 - - [21/Dec/2016:02:06:36 +0200] "GET /messenger/webapi/messages HTTP/1.1" 500 5982
0:0:0:0:0:0:0:1 - - [21/Dec/2016:02:07:33 +0200] "GET /messenger/webapi/messages HTTP/1.1" 204 -
127.0.0.1 - - [21/Dec/2016:02:14:25 +0200] "GET / HTTP/1.1" 404 994
0:0:0:0:0:0:0:1 - - [21/Dec/2016:02:14:26 +0200] "GET /messenger/webapi/messages HTTP/1.1" 200 242
127.0.0.1 - - [21/Dec/2016:02:26:01 +0200] "GET / HTTP/1.1" 404 994
0:0:0:0:0:0:0:1 - - [21/Dec/2016:02:26:02 +0200] "GET /messenger/webapi/messages HTTP/1.1" 200 242
127.0.0.1 - - [21/Dec/2016:02:29:30 +0200] "GET / HTTP/1.1" 404 994
0:0:0:0:0:0:0:1 - - [21/Dec/2016:02:29:40 +0200] "GET /messenger/webapi/messages HTTP/1.1" 200 242
0:0:0:0:0:0:0:1 - - [21/Dec/2016:02:32:18 +0200] "GET /messenger/webapi/messages HTTP/1.1" 200 242
0:0:0:0:0:0:0:1 - - [21/Dec/2016:02:32:23 +0200] "GET /messenger/webapi/messages HTTP/1.1" 200 242
0:0:0:0:0:0:0:1 - - [21/Dec/2016:02:32:34 +0200] "GET /messenger/webapi/messages HTTP/1.1" 200 242
0:0:0:0:0:0:0:1 - - [21/Dec/2016:02:32:56 +0200] "GET /messenger/webapi/messages HTTP/1.1" 200 242
127.0.0.1 - - [21/Dec/2016:02:36:43 +0200] "GET / HTTP/1.1" 404 994
0:0:0:0:0:0:0:1 - - [21/Dec/2016:02:36:54 +0200] "GET /messenger/webapi/messages HTTP/1.1" 200 242
0:0:0:0:0:0:0:1 - - [21/Dec/2016:02:36:58 +0200] "GET /messenger/webapi/messages HTTP/1.1" 200 242
0:0:0:0:0:0:0:1 - - [21/Dec/2016:02:36:59 +0200] "GET /messenger/webapi/messages HTTP/1.1" 200 242
0:0:0:0:0:0:0:1 - - [21/Dec/2016:02:36:59 +0200] "GET /messenger/webapi/messages HTTP/1.1" 200 242
0:0:0:0:0:0:0:1 - - [21/Dec/2016:02:37:00 +0200] "GET /messenger/webapi/messages HTTP/1.1" 200 242
0:0:0:0:0:0:0:1 - - [21/Dec/2016:02:37:01 +0200] "GET /messenger/webapi/messages HTTP/1.1" 200 242
0:0:0:0:0:0:0:1 - - [21/Dec/2016:02:37:02 +0200] "GET /messenger/webapi/messages HTTP/1.1" 200 242
0:0:0:0:0:0:0:1 - - [21/Dec/2016:02:37:05 +0200] "GET /messenger/webapi/messages HTTP/1.1" 200 242
127.0.0.1 - - [21/Dec/2016:02:38:17 +0200] "GET / HTTP/1.1" 404 994
0:0:0:0:0:0:0:1 - - [21/Dec/2016:02:38:33 +0200] "GET /messenger/webapi/messages HTTP/1.1" 200 242
0:0:0:0:0:0:0:1 - - [21/Dec/2016:02:43:04 +0200] "GET /messenger/webapi/messages HTTP/1.1" 200 252
0:0:0:0:0:0:0:1 - - [21/Dec/2016:02:43:27 +0200] "GET /messenger/webapi/messages HTTP/1.1" 200 251
0:0:0:0:0:0:0:1 - - [21/Dec/2016:02:43:49 +0200] "GET /messenger/webapi/messages HTTP/1.1" 200 252
0:0:0:0:0:0:0:1 - - [21/Dec/2016:02:47:15 +0200] "GET /messenger/webapi/messages HTTP/1.1" 200 252
127.0.0.1 - - [21/Dec/2016:02:52:02 +0200] "GET / HTTP/1.1" 404 994
0:0:0:0:0:0:0:1 - - [21/Dec/2016:02:52:03 +0200] "GET /messenger/webapi/messages HTTP/1.1" 200 252
0:0:0:0:0:0:0:1 - - [21/Dec/2016:02:53:13 +0200] "GET /messenger/webapi/messages HTTP/1.1" 200 252
127.0.0.1 - - [21/Dec/2016:02:56:12 +0200] "GET / HTTP/1.1" 404 994
0:0:0:0:0:0:0:1 - - [21/Dec/2016:02:56:13 +0200] "GET /messenger/webapi/messages HTTP/1.1" 200 252
0:0:0:0:0:0:0:1 - - [21/Dec/2016:02:59:45 +0200] "GET /messenger/webapi/messages HTTP/1.1" 200 427
0:0:0:0:0:0:0:1 - - [21/Dec/2016:03:03:59 +0200] "GET /messenger/webapi/messages HTTP/1.1" 200 427
0:0:0:0:0:0:0:1 - - [21/Dec/2016:03:08:08 +0200] "GET /messenger/webapi/messages HTTP/1.1" 200 427
0:0:0:0:0:0:0:1 - - [21/Dec/2016:03:08:13 +0200] "GET /messenger/webapi/messages HTTP/1.1" 200 427
127.0.0.1 - - [21/Dec/2016:03:09:19 +0200] "GET / HTTP/1.1" 404 994
0:0:0:0:0:0:0:1 - - [21/Dec/2016:03:09:23 +0200] "GET /messenger/webapi/messages HTTP/1.1" 200 427
0:0:0:0:0:0:0:1 - - [21/Dec/2016:03:09:40 +0200] "GET /messenger/webapi/messages HTTP/1.1" 200 427
127.0.0.1 - - [21/Dec/2016:03:16:44 +0200] "GET / HTTP/1.1" 404 994
0:0:0:0:0:0:0:1 - - [21/Dec/2016:03:16:46 +0200] "GET /messenger/webapi/messages HTTP/1.1" 200 427
0:0:0:0:0:0:0:1 - - [21/Dec/2016:03:19:32 +0200] "GET /messenger/webapi/messages HTTP/1.1" 200 427
127.0.0.1 - - [21/Dec/2016:03:23:07 +0200] "GET / HTTP/1.1" 404 994
0:0:0:0:0:0:0:1 - - [21/Dec/2016:03:23:09 +0200] "GET /messenger/webapi/messages HTTP/1.1" 200 427
0:0:0:0:0:0:0:1 - - [21/Dec/2016:03:24:03 +0200] "GET /messenger/webapi/messages HTTP/1.1" 200 427
0:0:0:0:0:0:0:1 - - [21/Dec/2016:03:24:12 +0200] "GET /messenger/webapi/messages HTTP/1.1" 200 427
127.0.0.1 - - [21/Dec/2016:03:27:50 +0200] "GET / HTTP/1.1" 404 994
0:0:0:0:0:0:0:1 - - [21/Dec/2016:03:27:51 +0200] "GET /messenger/webapi/messages HTTP/1.1" 200 427
0:0:0:0:0:0:0:1 - - [21/Dec/2016:03:33:17 +0200] "GET /messenger/webapi/messages HTTP/1.1" 204 -
0:0:0:0:0:0:0:1 - - [21/Dec/2016:03:33:59 +0200] "GET /messenger/webapi/messages HTTP/1.1" 200 427
0:0:0:0:0:0:0:1 - - [21/Dec/2016:03:47:37 +0200] "GET /messenger/webapi/requests HTTP/1.1" 404 1010
0:0:0:0:0:0:0:1 - - [21/Dec/2016:03:48:10 +0200] "GET /rest/webapi/requests HTTP/1.1" 404 1034
0:0:0:0:0:0:0:1 - - [21/Dec/2016:03:48:11 +0200] "GET /rest/webapi/requests HTTP/1.1" 404 1034
0:0:0:0:0:0:0:1 - - [21/Dec/2016:03:48:12 +0200] "GET /rest/webapi/requests HTTP/1.1" 404 1034
0:0:0:0:0:0:0:1 - - [21/Dec/2016:03:48:13 +0200] "GET /rest/webapi/requests HTTP/1.1" 404 1034
0:0:0:0:0:0:0:1 - - [21/Dec/2016:03:48:13 +0200] "GET /rest/webapi/requests HTTP/1.1" 404 1034
0:0:0:0:0:0:0:1 - - [21/Dec/2016:03:48:14 +0200] "GET /rest/webapi/requests HTTP/1.1" 404 1034
0:0:0:0:0:0:0:1 - - [21/Dec/2016:03:48:15 +0200] "GET /rest/webapi/requests HTTP/1.1" 404 1034
0:0:0:0:0:0:0:1 - - [21/Dec/2016:03:48:16 +0200] "GET /rest/webapi/requests HTTP/1.1" 404 1034
0:0:0:0:0:0:0:1 - - [21/Dec/2016:03:48:16 +0200] "GET /rest/webapi/requests HTTP/1.1" 404 1034
0:0:0:0:0:0:0:1 - - [21/Dec/2016:03:48:17 +0200] "GET /rest/webapi/requests HTTP/1.1" 404 1034
127.0.0.1 - - [21/Dec/2016:03:49:00 +0200] "GET / HTTP/1.1" 404 994
0:0:0:0:0:0:0:1 - - [21/Dec/2016:03:49:06 +0200] "GET /rest/webapi/requests HTTP/1.1" 404 1034
0:0:0:0:0:0:0:1 - - [21/Dec/2016:03:49:07 +0200] "GET /rest/webapi/requests HTTP/1.1" 404 1034
0:0:0:0:0:0:0:1 - - [21/Dec/2016:03:49:07 +0200] "GET /rest/webapi/requests HTTP/1.1" 404 1034
0:0:0:0:0:0:0:1 - - [21/Dec/2016:03:49:08 +0200] "GET /rest/webapi/requests HTTP/1.1" 404 1034
0:0:0:0:0:0:0:1 - - [21/Dec/2016:03:51:16 +0200] "GET /rest/webapi/requests HTTP/1.1" 404 1034
0:0:0:0:0:0:0:1 - - [21/Dec/2016:03:51:17 +0200] "GET /rest/webapi/requests HTTP/1.1" 404 1034
0:0:0:0:0:0:0:1 - - [21/Dec/2016:03:51:17 +0200] "GET /rest/webapi/requests HTTP/1.1" 404 1034
0:0:0:0:0:0:0:1 - - [21/Dec/2016:03:51:18 +0200] "GET /rest/webapi/requests HTTP/1.1" 404 1034
0:0:0:0:0:0:0:1 - - [21/Dec/2016:03:51:18 +0200] "GET /rest/webapi/requests HTTP/1.1" 404 1034
0:0:0:0:0:0:0:1 - - [21/Dec/2016:03:51:18 +0200] "GET /rest/webapi/requests HTTP/1.1" 404 1034
0:0:0:0:0:0:0:1 - - [21/Dec/2016:03:51:18 +0200] "GET /rest/webapi/requests HTTP/1.1" 404 1034
127.0.0.1 - - [21/Dec/2016:03:55:07 +0200] "GET / HTTP/1.1" 404 994
0:0:0:0:0:0:0:1 - - [21/Dec/2016:03:55:20 +0200] "GET /messenger/webapi/requests HTTP/1.1" 404 1010
0:0:0:0:0:0:0:1 - - [21/Dec/2016:03:55:45 +0200] "GET /messenger/webapi/myresources HTTP/1.1" 404 1010
0:0:0:0:0:0:0:1 - - [21/Dec/2016:03:55:46 +0200] "GET /messenger/webapi/myresources HTTP/1.1" 404 1010
0:0:0:0:0:0:0:1 - - [21/Dec/2016:03:55:47 +0200] "GET /messenger/webapi/myresources HTTP/1.1" 404 1010
0:0:0:0:0:0:0:1 - - [21/Dec/2016:03:55:48 +0200] "GET /messenger/webapi/myresources HTTP/1.1" 404 1010
0:0:0:0:0:0:0:1 - - [21/Dec/2016:03:56:12 +0200] "GET /messenger/webapi/myresource HTTP/1.1" 404 1010
0:0:0:0:0:0:0:1 - - [21/Dec/2016:03:56:14 +0200] "GET /messenger/webapi/myresource HTTP/1.1" 404 1010
0:0:0:0:0:0:0:1 - - [21/Dec/2016:03:56:16 +0200] "GET /messenger/webapi/myresource HTTP/1.1" 404 1010
0:0:0:0:0:0:0:1 - - [21/Dec/2016:03:56:17 +0200] "GET /messenger/webapi/myresource HTTP/1.1" 404 1010
0:0:0:0:0:0:0:1 - - [21/Dec/2016:03:56:18 +0200] "GET /messenger/webapi/myresource HTTP/1.1" 404 1010
0:0:0:0:0:0:0:1 - - [21/Dec/2016:03:59:03 +0200] "GET /messenger/webapi/myresource HTTP/1.1" 404 1010
0:0:0:0:0:0:0:1 - - [21/Dec/2016:03:59:04 +0200] "GET /messenger/webapi/myresource HTTP/1.1" 404 1010
127.0.0.1 - - [21/Dec/2016:04:03:16 +0200] "GET / HTTP/1.1" 404 994
0:0:0:0:0:0:0:1 - - [21/Dec/2016:04:03:16 +0200] "GET /messenger/webapi/myresource HTTP/1.1" 404 1010
127.0.0.1 - - [21/Dec/2016:16:00:26 +0200] "GET / HTTP/1.1" 404 994
0:0:0:0:0:0:0:1 - - [21/Dec/2016:16:00:32 +0200] "GET /messenger/ HTTP/1.1" 200 247
0:0:0:0:0:0:0:1 - - [21/Dec/2016:16:00:38 +0200] "GET /messenger/webapi/myresource HTTP/1.1" 404 1010
127.0.0.1 - - [21/Dec/2016:16:05:04 +0200] "GET / HTTP/1.1" 404 994
0:0:0:0:0:0:0:1 - - [21/Dec/2016:16:05:09 +0200] "GET /messenger/webapi/myresource HTTP/1.1" 404 1010
0:0:0:0:0:0:0:1 - - [21/Dec/2016:16:05:35 +0200] "GET /messenger/webapi/myresources HTTP/1.1" 404 1010
0:0:0:0:0:0:0:1 - - [21/Dec/2016:16:05:53 +0200] "GET /messenger/webapi/messages HTTP/1.1" 404 1010
0:0:0:0:0:0:0:1 - - [21/Dec/2016:16:05:55 +0200] "GET /messenger/webapi/messages HTTP/1.1" 404 1010
0:0:0:0:0:0:0:1 - - [21/Dec/2016:16:05:56 +0200] "GET /messenger/webapi/messages HTTP/1.1" 404 1010
0:0:0:0:0:0:0:1 - - [21/Dec/2016:16:06:11 +0200] "GET /messenger/webapi/myresource HTTP/1.1" 404 1010
0:0:0:0:0:0:0:1 - - [21/Dec/2016:16:06:19 +0200] "GET /messenger/ HTTP/1.1" 200 247
0:0:0:0:0:0:0:1 - - [21/Dec/2016:16:06:21 +0200] "GET /messenger/webapi/myresource HTTP/1.1" 404 1010
127.0.0.1 - - [21/Dec/2016:16:07:06 +0200] "GET / HTTP/1.1" 404 994
0:0:0:0:0:0:0:1 - - [21/Dec/2016:16:07:06 +0200] "GET /messenger/ HTTP/1.1" 200 247
0:0:0:0:0:0:0:1 - - [21/Dec/2016:16:07:06 +0200] "GET /messenger/ HTTP/1.1" 200 247
0:0:0:0:0:0:0:1 - - [21/Dec/2016:16:07:09 +0200] "GET /messenger/webapi/myresource HTTP/1.1" 404 1010
127.0.0.1 - - [21/Dec/2016:16:09:10 +0200] "GET / HTTP/1.1" 404 994
0:0:0:0:0:0:0:1 - - [21/Dec/2016:16:09:11 +0200] "GET /messenger/ HTTP/1.1" 200 247
0:0:0:0:0:0:0:1 - - [21/Dec/2016:16:09:13 +0200] "GET /messenger/webapi/myresource HTTP/1.1" 404 1010
0:0:0:0:0:0:0:1 - - [21/Dec/2016:16:10:36 +0200] "GET /messenger/webapi/myresource HTTP/1.1" 404 1010
127.0.0.1 - - [21/Dec/2016:16:13:47 +0200] "GET / HTTP/1.1" 404 994
0:0:0:0:0:0:0:1 - - [21/Dec/2016:16:13:47 +0200] "GET /messenger/webapi/requests HTTP/1.1" 404 1010
0:0:0:0:0:0:0:1 - - [21/Dec/2016:16:14:34 +0200] "GET /messenger/webapi/myresource HTTP/1.1" 404 1010
0:0:0:0:0:0:0:1 - - [21/Dec/2016:16:14:35 +0200] "GET /messenger/webapi/myresource HTTP/1.1" 404 1010
0:0:0:0:0:0:0:1 - - [21/Dec/2016:16:14:36 +0200] "GET /messenger/webapi/myresource HTTP/1.1" 404 1010
0:0:0:0:0:0:0:1 - - [21/Dec/2016:16:14:42 +0200] "GET /messenger/webapi/myresource HTTP/1.1" 404 1010
0:0:0:0:0:0:0:1 - - [21/Dec/2016:16:14:43 +0200] "GET /messenger/webapi/myresource HTTP/1.1" 404 1010
0:0:0:0:0:0:0:1 - - [21/Dec/2016:16:14:44 +0200] "GET /messenger/webapi/myresource HTTP/1.1" 404 1010
127.0.0.1 - - [21/Dec/2016:16:15:16 +0200] "GET / HTTP/1.1" 404 994
0:0:0:0:0:0:0:1 - - [21/Dec/2016:16:15:16 +0200] "GET /messenger/ HTTP/1.1" 200 247
0:0:0:0:0:0:0:1 - - [21/Dec/2016:16:15:19 +0200] "GET /messenger/webapi/myresource HTTP/1.1" 404 1010
127.0.0.1 - - [21/Dec/2016:16:19:08 +0200] "GET / HTTP/1.1" 404 994
0:0:0:0:0:0:0:1 - - [21/Dec/2016:16:19:08 +0200] "GET /messenger/ HTTP/1.1" 200 247
0:0:0:0:0:0:0:1 - - [21/Dec/2016:16:19:11 +0200] "GET /messenger/webapi/myresource HTTP/1.1" 404 1010
127.0.0.1 - - [21/Dec/2016:16:21:18 +0200] "GET / HTTP/1.1" 404 994
0:0:0:0:0:0:0:1 - - [21/Dec/2016:16:21:18 +0200] "GET /messenger/webapi/myresource HTTP/1.1" 404 1010
127.0.0.1 - - [21/Dec/2016:19:40:51 +0200] "GET / HTTP/1.1" 404 994
0:0:0:0:0:0:0:1 - - [21/Dec/2016:19:41:01 +0200] "GET /messenger/webapi/myresource HTTP/1.1" 404 1010
127.0.0.1 - - [21/Dec/2016:19:46:06 +0200] "GET / HTTP/1.1" 404 994
0:0:0:0:0:0:0:1 - - [21/Dec/2016:19:46:08 +0200] "GET /messenger/ HTTP/1.1" 200 247
0:0:0:0:0:0:0:1 - - [21/Dec/2016:19:46:11 +0200] "GET /messenger/webapi/myresource HTTP/1.1" 404 1010
0:0:0:0:0:0:0:1 - - [21/Dec/2016:19:49:52 +0200] "GET /messenger/ HTTP/1.1" 200 247
0:0:0:0:0:0:0:1 - - [21/Dec/2016:19:53:48 +0200] "GET /messenger/myresourse HTTP/1.1" 404 1034
127.0.0.1 - - [21/Dec/2016:20:20:30 +0200] "GET / HTTP/1.1" 404 994
0:0:0:0:0:0:0:1 - - [21/Dec/2016:20:20:32 +0200] "GET /rest/ HTTP/1.1" 200 247
0:0:0:0:0:0:0:1 - - [21/Dec/2016:20:20:35 +0200] "GET /rest/webapi/myresource HTTP/1.1" 200 7
127.0.0.1 - - [21/Dec/2016:20:23:10 +0200] "GET / HTTP/1.1" 404 994
0:0:0:0:0:0:0:1 - - [21/Dec/2016:20:23:10 +0200] "GET /rest/ HTTP/1.1" 200 247
0:0:0:0:0:0:0:1 - - [21/Dec/2016:20:23:13 +0200] "GET /rest/webapi/myresource HTTP/1.1" 200 7
0:0:0:0:0:0:0:1 - - [21/Dec/2016:20:23:33 +0200] "GET /rest/webapi/myresource HTTP/1.1" 200 7
127.0.0.1 - - [21/Dec/2016:20:39:36 +0200] "GET / HTTP/1.1" 404 994
0:0:0:0:0:0:0:1 - - [21/Dec/2016:20:39:38 +0200] "GET /rest/ HTTP/1.1" 200 247
0:0:0:0:0:0:0:1 - - [21/Dec/2016:20:39:40 +0200] "GET /rest/webapi/myresource HTTP/1.1" 200 7
127.0.0.1 - - [21/Dec/2016:20:42:30 +0200] "GET / HTTP/1.1" 404 994
0:0:0:0:0:0:0:1 - - [21/Dec/2016:20:42:43 +0200] "GET /rest/webapi/myresource HTTP/1.1" 200 7
0:0:0:0:0:0:0:1 - - [21/Dec/2016:20:42:44 +0200] "GET /rest/webapi/myresource HTTP/1.1" 200 7
0:0:0:0:0:0:0:1 - - [21/Dec/2016:20:42:44 +0200] "GET /rest/webapi/myresource HTTP/1.1" 200 7
0:0:0:0:0:0:0:1 - - [21/Dec/2016:20:42:45 +0200] "GET /rest/webapi/myresource HTTP/1.1" 200 7
127.0.0.1 - - [21/Dec/2016:20:44:12 +0200] "GET / HTTP/1.1" 404 994
0:0:0:0:0:0:0:1 - - [21/Dec/2016:20:44:14 +0200] "GET /messenger/ HTTP/1.1" 200 247
0:0:0:0:0:0:0:1 - - [21/Dec/2016:20:44:16 +0200] "GET /messenger/webapi/myresource HTTP/1.1" 404 1010
127.0.0.1 - - [21/Dec/2016:21:00:09 +0200] "GET / HTTP/1.1" 404 994
0:0:0:0:0:0:0:1 - - [21/Dec/2016:21:00:12 +0200] "GET /rest/webapi/myresource HTTP/1.1" 200 7
0:0:0:0:0:0:0:1 - - [21/Dec/2016:21:00:30 +0200] "GET /rest/webapi/messages HTTP/1.1" 404 1010
127.0.0.1 - - [21/Dec/2016:21:02:23 +0200] "GET / HTTP/1.1" 404 994
0:0:0:0:0:0:0:1 - - [21/Dec/2016:21:02:43 +0200] "GET /rest/webapi/myresource HTTP/1.1" 200 7
0:0:0:0:0:0:0:1 - - [21/Dec/2016:21:02:53 +0200] "GET /rest/webapi/messages HTTP/1.1" 404 1010
0:0:0:0:0:0:0:1 - - [21/Dec/2016:21:03:58 +0200] "GET /rest/webapi/messages HTTP/1.1" 404 1010
0:0:0:0:0:0:0:1 - - [21/Dec/2016:21:04:00 +0200] "GET /rest/webapi/messages HTTP/1.1" 404 1010
0:0:0:0:0:0:0:1 - - [21/Dec/2016:21:04:01 +0200] "GET /rest/webapi/messages HTTP/1.1" 404 1010
127.0.0.1 - - [21/Dec/2016:21:06:19 +0200] "GET / HTTP/1.1" 404 994
0:0:0:0:0:0:0:1 - - [21/Dec/2016:21:06:19 +0200] "GET /rest/ HTTP/1.1" 200 247
0:0:0:0:0:0:0:1 - - [21/Dec/2016:21:06:22 +0200] "GET /rest/webapi/myresource HTTP/1.1" 200 7
0:0:0:0:0:0:0:1 - - [21/Dec/2016:21:06:39 +0200] "GET /rest/webapi/messages HTTP/1.1" 404 1010
0:0:0:0:0:0:0:1 - - [21/Dec/2016:21:07:02 +0200] "GET /rest/webapi/messages HTTP/1.1" 404 1010
0:0:0:0:0:0:0:1 - - [21/Dec/2016:21:07:03 +0200] "GET /rest/webapi/messages HTTP/1.1" 404 1010
0:0:0:0:0:0:0:1 - - [21/Dec/2016:21:07:04 +0200] "GET /rest/webapi/messages HTTP/1.1" 404 1010
0:0:0:0:0:0:0:1 - - [21/Dec/2016:21:07:05 +0200] "GET /rest/webapi/messages HTTP/1.1" 404 1010
0:0:0:0:0:0:0:1 - - [21/Dec/2016:21:07:06 +0200] "GET /rest/webapi/messages HTTP/1.1" 404 1010
0:0:0:0:0:0:0:1 - - [21/Dec/2016:21:07:08 +0200] "GET /rest/webapi/messages HTTP/1.1" 404 1010
0:0:0:0:0:0:0:1 - - [21/Dec/2016:21:07:12 +0200] "GET /rest/webapi/messages HTTP/1.1" 404 1010
0:0:0:0:0:0:0:1 - - [21/Dec/2016:21:07:13 +0200] "GET /rest/webapi/messages HTTP/1.1" 404 1010
0:0:0:0:0:0:0:1 - - [21/Dec/2016:21:07:14 +0200] "GET /rest/webapi/messages HTTP/1.1" 404 1010
0:0:0:0:0:0:0:1 - - [21/Dec/2016:21:07:15 +0200] "GET /rest/webapi/messages HTTP/1.1" 404 1010
127.0.0.1 - - [21/Dec/2016:21:09:51 +0200] "GET / HTTP/1.1" 404 994
0:0:0:0:0:0:0:1 - - [21/Dec/2016:21:10:04 +0200] "GET /rest/webapi/myresource HTTP/1.1" 200 7
127.0.0.1 - - [21/Dec/2016:21:10:46 +0200] "GET / HTTP/1.1" 404 994
0:0:0:0:0:0:0:1 - - [21/Dec/2016:21:11:01 +0200] "GET /rest/webapi/myresource HTTP/1.1" 200 7
0:0:0:0:0:0:0:1 - - [21/Dec/2016:21:11:23 +0200] "GET /rest/webapi/messages HTTP/1.1" 404 1010
127.0.0.1 - - [21/Dec/2016:21:21:45 +0200] "GET / HTTP/1.1" 404 994
0:0:0:0:0:0:0:1 - - [21/Dec/2016:21:21:55 +0200] "GET /rest/webapi/myresource HTTP/1.1" 200 7
0:0:0:0:0:0:0:1 - - [21/Dec/2016:21:22:58 +0200] "GET /rest/webapi/messages HTTP/1.1" 404 1010
0:0:0:0:0:0:0:1 - - [21/Dec/2016:21:23:03 +0200] "GET /rest/webapi/message HTTP/1.1" 404 1010
0:0:0:0:0:0:0:1 - - [21/Dec/2016:21:23:05 +0200] "GET /rest/webapi/message HTTP/1.1" 404 1010
127.0.0.1 - - [21/Dec/2016:21:34:59 +0200] "GET / HTTP/1.1" 404 994
0:0:0:0:0:0:0:1 - - [21/Dec/2016:21:35:18 +0200] "GET /rest/webapi/messages HTTP/1.1" 404 1010
0:0:0:0:0:0:0:1 - - [21/Dec/2016:21:35:20 +0200] "GET /rest/webapi/messages HTTP/1.1" 404 1010
0:0:0:0:0:0:0:1 - - [21/Dec/2016:21:35:21 +0200] "GET /rest/webapi/messages HTTP/1.1" 404 1010
0:0:0:0:0:0:0:1 - - [21/Dec/2016:21:35:25 +0200] "GET /rest/webapi/messages HTTP/1.1" 404 1010
0:0:0:0:0:0:0:1 - - [21/Dec/2016:21:35:26 +0200] "GET /rest/webapi/messages HTTP/1.1" 404 1010
127.0.0.1 - - [21/Dec/2016:21:37:21 +0200] "GET / HTTP/1.1" 404 994
0:0:0:0:0:0:0:1 - - [21/Dec/2016:21:37:30 +0200] "GET /rest/webapi/messages HTTP/1.1" 404 1010
0:0:0:0:0:0:0:1 - - [21/Dec/2016:21:37:31 +0200] "GET /rest/webapi/messages HTTP/1.1" 404 1010
0:0:0:0:0:0:0:1 - - [21/Dec/2016:21:37:32 +0200] "GET /rest/webapi/messages HTTP/1.1" 404 1010
0:0:0:0:0:0:0:1 - - [21/Dec/2016:21:37:42 +0200] "GET /rest/webapi/myresource HTTP/1.1" 200 7
127.0.0.1 - - [21/Dec/2016:21:40:36 +0200] "GET / HTTP/1.1" 404 994
0:0:0:0:0:0:0:1 - - [21/Dec/2016:21:40:48 +0200] "GET /rest/webapi/myresource HTTP/1.1" 200 7
0:0:0:0:0:0:0:1 - - [21/Dec/2016:21:41:01 +0200] "GET /rest/webapi/messages HTTP/1.1" 404 1010
0:0:0:0:0:0:0:1 - - [21/Dec/2016:21:41:03 +0200] "GET /rest/webapi/messages HTTP/1.1" 404 1010
0:0:0:0:0:0:0:1 - - [21/Dec/2016:21:44:16 +0200] "GET /rest/webapi/messanges HTTP/1.1" 204 -
0:0:0:0:0:0:0:1 - - [21/Dec/2016:21:46:56 +0200] "GET /rest/webapi/messages HTTP/1.1" 404 1010
127.0.0.1 - - [21/Dec/2016:21:48:00 +0200] "GET / HTTP/1.1" 404 994
0:0:0:0:0:0:0:1 - - [21/Dec/2016:21:48:05 +0200] "GET /rest/webapi/messages HTTP/1.1" 200 427
127.0.0.1 - - [21/Dec/2016:21:50:44 +0200] "GET / HTTP/1.1" 404 994
0:0:0:0:0:0:0:1 - - [21/Dec/2016:21:50:50 +0200] "GET /rest/webapi/messages HTTP/1.1" 200 427
127.0.0.1 - - [21/Dec/2016:21:58:56 +0200] "GET / HTTP/1.1" 404 994
0:0:0:0:0:0:0:1 - - [21/Dec/2016:21:59:02 +0200] "GET /rest/webapi/messages HTTP/1.1" 200 427
127.0.0.1 - - [21/Dec/2016:22:14:05 +0200] "GET / HTTP/1.1" 404 994
0:0:0:0:0:0:0:1 - - [21/Dec/2016:22:14:13 +0200] "GET /rest/webapi/messages HTTP/1.1" 200 427
0:0:0:0:0:0:0:1 - - [21/Dec/2016:23:08:01 +0200] "GET /rest/webapi/messages HTTP/1.1" 200 427
0:0:0:0:0:0:0:1 - - [21/Dec/2016:23:11:48 +0200] "GET /rest/webapi/messages HTTP/1.1" 200 501
0:0:0:0:0:0:0:1 - - [21/Dec/2016:23:15:22 +0200] "GET /rest/webapi/messages HTTP/1.1" 200 501
127.0.0.1 - - [21/Dec/2016:23:55:09 +0200] "GET / HTTP/1.1" 404 994
127.0.0.1 - - [21/Dec/2016:23:56:01 +0200] "GET / HTTP/1.1" 404 994
127.0.0.1 - - [21/Dec/2016:23:59:08 +0200] "GET / HTTP/1.1" 404 994
0:0:0:0:0:0:0:1 - - [21/Dec/2016:23:59:13 +0200] "GET /rest/webapi/messages HTTP/1.1" 200 501
